\BOOKMARK [1][-]{Doc-Start}{\376\377\144\130\211\201}{}% 1
\BOOKMARK [1][-]{section.1}{\376\377\225\356\230\230\221\315\217\360}{}% 2
\BOOKMARK [2][-]{subsection.1.1}{\376\377\225\356\230\230\200\314\146\157}{section.1}% 3
\BOOKMARK [2][-]{subsection.1.2}{\376\377\225\356\230\230\143\320\121\372}{section.1}% 4
\BOOKMARK [1][-]{section.2}{\376\377\225\356\230\230\122\006\147\220}{}% 5
\BOOKMARK [2][-]{subsection.2.1}{\376\377\225\356\230\230\116\000\166\204\122\006\147\220}{section.2}% 6
\BOOKMARK [2][-]{subsection.2.2}{\376\377\225\356\230\230\116\214\166\204\122\006\147\220}{section.2}% 7
\BOOKMARK [2][-]{subsection.2.3}{\376\377\225\356\230\230\116\011\166\204\122\006\147\220}{section.2}% 8
\BOOKMARK [2][-]{subsection.2.4}{\376\377\225\356\230\230\126\333\166\204\122\006\147\220}{section.2}% 9
\BOOKMARK [1][-]{section.3}{\376\377\152\041\127\213\120\107\213\276}{}% 10
\BOOKMARK [1][-]{section.4}{\376\377\173\046\123\367\213\364\146\016}{}% 11
\BOOKMARK [1][-]{section.5}{\376\377\152\041\127\213\166\204\136\372\172\313\116\016\154\102\211\343}{}% 12
\BOOKMARK [2][-]{subsection.5.1}{\376\377\225\356\230\230\116\000\377\032\000F\000i\000c\000k\040\023\000F\000o\000u\000r\000i\000e\000r\000\040\160\355\040\023\156\177\211\343\200\046\152\041\127\213}{section.5}% 13
\BOOKMARK [3][-]{subsubsection.5.1.1}{\376\377\152\041\127\213\136\372\172\313}{subsection.5.1}% 14
\BOOKMARK [3][-]{subsubsection.5.1.2}{\376\377\152\041\127\213\154\102\211\343}{subsection.5.1}% 15
\BOOKMARK [3][-]{subsubsection.5.1.3}{\376\377\176\323\147\234\116\016\122\006\147\220}{subsection.5.1}% 16
\BOOKMARK [3][-]{subsubsection.5.1.4}{\376\377\152\041\127\213\150\300\232\214\116\016\160\165\145\117\136\246\122\006\147\220}{subsection.5.1}% 17
\BOOKMARK [2][-]{subsection.5.2}{\376\377\225\356\230\230\116\214\377\032\000F\000i\000c\000k\040\023\000F\000o\000u\000r\000i\000e\000r\000\040\160\355\040\023\156\177\123\314\124\021\200\046\124\010\152\041\127\213}{section.5}% 18
\BOOKMARK [3][-]{subsubsection.5.2.1}{\376\377\116\044\226\066\153\265\122\022\122\006\116\016\163\257\130\203\147\141\116\366}{subsection.5.2}% 19
\BOOKMARK [3][-]{subsubsection.5.2.2}{\376\377\143\247\122\066\145\271\172\013}{subsection.5.2}% 20
\BOOKMARK [3][-]{subsubsection.5.2.3}{\376\377\162\151\140\047\123\302\145\160}{subsection.5.2}% 21
\BOOKMARK [3][-]{subsubsection.5.2.4}{\376\377\133\232\211\343\147\141\116\366}{subsection.5.2}% 22
\BOOKMARK [3][-]{subsubsection.5.2.5}{\376\377\152\041\127\213\154\102\211\343}{subsection.5.2}% 23
\BOOKMARK [3][-]{subsubsection.5.2.6}{\376\377\213\241\173\227\176\323\147\234}{subsection.5.2}% 24
\BOOKMARK [3][-]{subsubsection.5.2.7}{\376\377\152\041\127\213\150\300\232\214\116\016\160\165\145\117\136\246\122\006\147\220}{subsection.5.2}% 25
\BOOKMARK [2][-]{subsection.5.3}{\376\377\225\356\230\230\116\011\377\032\000F\000i\000c\000k\040\023\000F\000o\000u\000r\000i\000e\000r\123\314\124\021\200\046\124\010\152\041\127\213\225\177\145\366\225\364\171\357\122\006\116\016\160\330\136\162\145\366\225\364\170\156\133\232}{section.5}% 26
\BOOKMARK [3][-]{subsubsection.5.3.1}{\376\377\163\257\130\203\147\141\116\366\166\204\225\177\145\366\225\364\131\026\143\250}{subsection.5.3}% 27
\BOOKMARK [3][-]{subsubsection.5.3.2}{\376\377\152\041\127\213\136\372\172\313}{subsection.5.3}% 28
\BOOKMARK [3][-]{subsubsection.5.3.3}{\376\377\152\041\127\213\154\102\211\343}{subsection.5.3}% 29
\BOOKMARK [3][-]{subsubsection.5.3.4}{\376\377\176\323\147\234\116\016\122\006\147\220}{subsection.5.3}% 30
\BOOKMARK [3][-]{subsubsection.5.3.5}{\376\377\152\041\127\213\150\300\232\214\116\016\145\117\141\037\140\047\122\006\147\220}{subsection.5.3}% 31
\BOOKMARK [2][-]{subsection.5.4}{\376\377\225\356\230\230\126\333\377\032\122\250\217\271\165\114\166\204\000\040\000F\000i\000c\000k\040\023\000F\000o\000u\000r\000i\000e\000r\000\040\160\355\040\023\156\177\123\314\124\021\200\046\124\010\152\041\127\213}{section.5}% 32
\BOOKMARK [3][-]{subsubsection.5.4.1}{\376\377\203\157\147\120\123\112\137\204\166\204\123\330\123\026\211\304\137\213}{subsection.5.4}% 33
\BOOKMARK [3][-]{subsubsection.5.4.2}{\376\377\137\122\116\000\123\026\127\120\150\007\123\330\143\142}{subsection.5.4}% 34
\BOOKMARK [3][-]{subsubsection.5.4.3}{\376\377\143\247\122\066\145\271\172\013}{subsection.5.4}% 35
\BOOKMARK [3][-]{subsubsection.5.4.4}{\376\377\162\151\140\047\123\302\145\160}{subsection.5.4}% 36
\BOOKMARK [3][-]{subsubsection.5.4.5}{\376\377\152\041\127\213\154\102\211\343}{subsection.5.4}% 37
\BOOKMARK [3][-]{subsubsection.5.4.6}{\376\377\176\323\147\234\116\016\122\006\147\220}{subsection.5.4}% 38
\BOOKMARK [3][-]{subsubsection.5.4.7}{\376\377\152\041\127\213\150\300\232\214\116\016\145\117\141\037\140\047\122\006\147\220}{subsection.5.4}% 39
\BOOKMARK [1][-]{section.6}{\376\377\152\041\127\213\213\304\116\367}{}% 40
\BOOKMARK [2][-]{subsection.6.1}{\376\377\117\030\160\271}{section.6}% 41
\BOOKMARK [2][-]{subsection.6.2}{\376\377\177\072\160\271}{section.6}% 42
\BOOKMARK [1][-]{Item.9}{\376\377\226\104\137\125}{}% 43
